PC@Linh MINGW64 ~/OneDrive/Tài liệu/TIN HOC CO SO
$ git clone https://github.com/ngoclinh-38/24174600123_Nguyenthingoclinh_baitap.git
Cloning into '24174600123_Nguyenthingoclinh_baitap'...
remote: Enumerating objects: 3, done.
remote: Counting objects: 100% (3/3), done.
remote: Compressing objects: 100% (2/2), done.
remote: Total 3 (delta 0), reused 0 (delta 0), pack-reused 0 (from 0)
Receiving objects: 100% (3/3), done.

PC@Linh MINGW64 ~/OneDrive/Tài liệu/TIN HOC CO SO
$ cd 24174600123_Nguyenthingoclinh_baitap

PC@Linh MINGW64 ~/OneDrive/Tài liệu/TIN HOC CO SO/24174600123_Nguyenthingoclinh_baitap (main)
$ echo "Lorem ipsum dolor sit amet, consectetur adipiscing elit. Integer efficitur, eros at  lacinia suscipit, magna turpis aliquam est, sit amet aliquam quam libero id mi. Ut vel  placerat risus. Sed tempor in ex vitae sodales. Donec et tempor orci. In pharetra viverra  sagittis. Vestibulum risus ante, molestie ac eros efficitur, bibendum tincidunt turpis. In sit  amet tortor gravida, ultricies ante vitae, varius tortor. Aliquam finibus porta nulla sed  gravida. Aliquam ultricies dapibus ante eget molestie. In hac habitasse platea dictumst.  Aliquam aliquam enim at massa pharetra, et vestibulum sapien consequat. Donec  accumsan quis metus at pellentesque. Morbi quis felis placerat, interdum justo a, aliquam  risus." > README.md

PC@Linh MINGW64 ~/OneDrive/Tài liệu/TIN HOC CO SO/24174600123_Nguyenthingoclinh_baitap (main)
$ git add .
warning: in the working copy of 'README.md', LF will be replaced by CRLF the next time Git touches it

PC@Linh MINGW64 ~/OneDrive/Tài liệu/TIN HOC CO SO/24174600123_Nguyenthingoclinh_baitap (main)
$ git commit -m "thay doi file"
[main 43f70a9] thay doi file
 1 file changed, 1 insertion(+), 2 deletions(-)

PC@Linh MINGW64 ~/OneDrive/Tài liệu/TIN HOC CO SO/24174600123_Nguyenthingoclinh_baitap (main)
$ git push origin
Enumerating objects: 5, done.
Counting objects: 100% (5/5), done.
Delta compression using up to 4 threads
Compressing objects: 100% (2/2), done.
Writing objects: 100% (3/3), 618 bytes | 618.00 KiB/s, done.
Total 3 (delta 0), reused 0 (delta 0), pack-reused 0 (from 0)
To https://github.com/ngoclinh-38/24174600123_Nguyenthingoclinh_baitap.git
   6fb4f4f..43f70a9  main -> main

PC@Linh MINGW64 ~/OneDrive/Tài liệu/TIN HOC CO SO/24174600123_Nguyenthingoclinh_baitap (main)
$ git checkout -b "branch_1"
Switched to a new branch 'branch_1'

PC@Linh MINGW64 ~/OneDrive/Tài liệu/TIN HOC CO SO/24174600123_Nguyenthingoclinh_baitap (branch_1)
$ echo "Lorem ipsum dolor sit amet, consectetur adipiscing elit." > text_branch_1.txt

PC@Linh MINGW64 ~/OneDrive/Tài liệu/TIN HOC CO SO/24174600123_Nguyenthingoclinh_baitap (branch_1)
$ git add .
warning: in the working copy of 'text_branch_1.txt', LF will be replaced by CRLF the next time Git touches it

PC@Linh MINGW64 ~/OneDrive/Tài liệu/TIN HOC CO SO/24174600123_Nguyenthingoclinh_baitap (branch_1)
$ git commit -m "tao nhanh 1"
[branch_1 e49a7f1] tao nhanh 1
 1 file changed, 1 insertion(+)
 create mode 100644 text_branch_1.txt

PC@Linh MINGW64 ~/OneDrive/Tài liệu/TIN HOC CO SO/24174600123_Nguyenthingoclinh_baitap (branch_1)
$ git push origin branch_1
Enumerating objects: 4, done.
Counting objects: 100% (4/4), done.
Delta compression using up to 4 threads
Compressing objects: 100% (3/3), done.
Writing objects: 100% (3/3), 337 bytes | 337.00 KiB/s, done.
Total 3 (delta 0), reused 0 (delta 0), pack-reused 0 (from 0)
remote:
remote: Create a pull request for 'branch_1' on GitHub by visiting:
remote:      https://github.com/ngoclinh-38/24174600123_Nguyenthingoclinh_baitap/pull/new/branch_1
remote:
To https://github.com/ngoclinh-38/24174600123_Nguyenthingoclinh_baitap.git
 * [new branch]      branch_1 -> branch_1

PC@Linh MINGW64 ~/OneDrive/Tài liệu/TIN HOC CO SO/24174600123_Nguyenthingoclinh_baitap (branch_1)
$ git checkout main
Switched to branch 'main'
Your branch is up to date with 'origin/main'.

PC@Linh MINGW64 ~/OneDrive/Tài liệu/TIN HOC CO SO/24174600123_Nguyenthingoclinh_baitap (main)
$ git checkout -b "branch_2"
Switched to a new branch 'branch_2'

PC@Linh MINGW64 ~/OneDrive/Tài liệu/TIN HOC CO SO/24174600123_Nguyenthingoclinh_baitap (branch_2)
$ echo "Praesent ullamcorper orci eu erat placerat sodales." > text_branch_2.txt

PC@Linh MINGW64 ~/OneDrive/Tài liệu/TIN HOC CO SO/24174600123_Nguyenthingoclinh_baitap (branch_2)
$ git add .
warning: in the working copy of 'text_branch_2.txt', LF will be replaced by CRLF the next time Git touches it

PC@Linh MINGW64 ~/OneDrive/Tài liệu/TIN HOC CO SO/24174600123_Nguyenthingoclinh_baitap (branch_2)
$ git commit -m "tao nhanh 2"
[branch_2 f77dbd8] tao nhanh 2
 1 file changed, 1 insertion(+)
 create mode 100644 text_branch_2.txt

PC@Linh MINGW64 ~/OneDrive/Tài liệu/TIN HOC CO SO/24174600123_Nguyenthingoclinh_baitap (branch_2)
$ git push origin branch_2
Enumerating objects: 4, done.
Counting objects: 100% (4/4), done.
Delta compression using up to 4 threads
Compressing objects: 100% (3/3), done.
Writing objects: 100% (3/3), 330 bytes | 330.00 KiB/s, done.
Total 3 (delta 0), reused 0 (delta 0), pack-reused 0 (from 0)
remote:
remote: Create a pull request for 'branch_2' on GitHub by visiting:
remote:      https://github.com/ngoclinh-38/24174600123_Nguyenthingoclinh_baitap/pull/new/branch_2
remote:
To https://github.com/ngoclinh-38/24174600123_Nguyenthingoclinh_baitap.git
 * [new branch]      branch_2 -> branch_2

PC@Linh MINGW64 ~/OneDrive/Tài liệu/TIN HOC CO SO/24174600123_Nguyenthingoclinh_baitap (branch_2)
$ git checkout main
Switched to branch 'main'
Your branch is up to date with 'origin/main'.

PC@Linh MINGW64 ~/OneDrive/Tài liệu/TIN HOC CO SO/24174600123_Nguyenthingoclinh_baitap (main)
$ git checkout -b "branch_3"
Switched to a new branch 'branch_3'

PC@Linh MINGW64 ~/OneDrive/Tài liệu/TIN HOC CO SO/24174600123_Nguyenthingoclinh_baitap (branch_3)
$ echo "Integer sit amet nisi aliquam, tempor libero quis, cursus erat." > text_branch_3.txt

PC@Linh MINGW64 ~/OneDrive/Tài liệu/TIN HOC CO SO/24174600123_Nguyenthingoclinh_baitap (branch_3)
$ git add .
warning: in the working copy of 'text_branch_3.txt', LF will be replaced by CRLF the next time Git touches it

PC@Linh MINGW64 ~/OneDrive/Tài liệu/TIN HOC CO SO/24174600123_Nguyenthingoclinh_baitap (branch_3)
$ git commit -m "tao nhanh 3"
[branch_3 dc2b1fc] tao nhanh 3
 1 file changed, 1 insertion(+)
 create mode 100644 text_branch_3.txt

PC@Linh MINGW64 ~/OneDrive/Tài liệu/TIN HOC CO SO/24174600123_Nguyenthingoclinh_baitap (branch_3)
$ git push origin branch_3
Enumerating objects: 4, done.
Counting objects: 100% (4/4), done.
Delta compression using up to 4 threads
Compressing objects: 100% (3/3), done.
Writing objects: 100% (3/3), 338 bytes | 338.00 KiB/s, done.
Total 3 (delta 0), reused 0 (delta 0), pack-reused 0 (from 0)
remote:
remote: Create a pull request for 'branch_3' on GitHub by visiting:
remote:      https://github.com/ngoclinh-38/24174600123_Nguyenthingoclinh_baitap/pull/new/branch_3
remote:
To https://github.com/ngoclinh-38/24174600123_Nguyenthingoclinh_baitap.git
 * [new branch]      branch_3 -> branch_3

PC@Linh MINGW64 ~/OneDrive/Tài liệu/TIN HOC CO SO/24174600123_Nguyenthingoclinh_baitap (branch_3)
$ git checkout main
Switched to branch 'main'
Your branch is up to date with 'origin/main'.

PC@Linh MINGW64 ~/OneDrive/Tài liệu/TIN HOC CO SO/24174600123_Nguyenthingoclinh_baitap (main)
$ git checkout -b "branch_4"
Switched to a new branch 'branch_4'

PC@Linh MINGW64 ~/OneDrive/Tài liệu/TIN HOC CO SO/24174600123_Nguyenthingoclinh_baitap (branch_4)
$ echo "Cras ac mi nec nisi porta ultrices sed non ante." > text_branch_4.txt

PC@Linh MINGW64 ~/OneDrive/Tài liệu/TIN HOC CO SO/24174600123_Nguyenthingoclinh_baitap (branch_4)
$ git add .
warning: in the working copy of 'text_branch_4.txt', LF will be replaced by CRLF the next time Git touches it

PC@Linh MINGW64 ~/OneDrive/Tài liệu/TIN HOC CO SO/24174600123_Nguyenthingoclinh_baitap (branch_4)
$ git commit -m "tao nhanh 4"
[branch_4 88b5a62] tao nhanh 4
 1 file changed, 1 insertion(+)
 create mode 100644 text_branch_4.txt

PC@Linh MINGW64 ~/OneDrive/Tài liệu/TIN HOC CO SO/24174600123_Nguyenthingoclinh_baitap (branch_4)
$ git push origin branch_4
Enumerating objects: 4, done.
Counting objects: 100% (4/4), done.
Delta compression using up to 4 threads
Compressing objects: 100% (2/2), done.
Writing objects: 100% (3/3), 329 bytes | 329.00 KiB/s, done.
Total 3 (delta 0), reused 0 (delta 0), pack-reused 0 (from 0)
remote:
remote: Create a pull request for 'branch_4' on GitHub by visiting:
remote:      https://github.com/ngoclinh-38/24174600123_Nguyenthingoclinh_baitap/pull/new/branch_4
remote:
To https://github.com/ngoclinh-38/24174600123_Nguyenthingoclinh_baitap.git
 * [new branch]      branch_4 -> branch_4

PC@Linh MINGW64 ~/OneDrive/Tài liệu/TIN HOC CO SO/24174600123_Nguyenthingoclinh_baitap (branch_4)
$ git checkout main
Switched to branch 'main'
Your branch is up to date with 'origin/main'.

PC@Linh MINGW64 ~/OneDrive/Tài liệu/TIN HOC CO SO/24174600123_Nguyenthingoclinh_baitap (main)
$ git branch -d branch_4
error: the branch 'branch_4' is not fully merged
hint: If you are sure you want to delete it, run 'git branch -D branch_4'
hint: Disable this message with "git config advice.forceDeleteBranch false"

PC@Linh MINGW64 ~/OneDrive/Tài liệu/TIN HOC CO SO/24174600123_Nguyenthingoclinh_baitap (main)
$ git branch -D branch_4
Deleted branch branch_4 (was 88b5a62).

PC@Linh MINGW64 ~/OneDrive/Tài liệu/TIN HOC CO SO/24174600123_Nguyenthingoclinh_baitap (main)
$ git branch -l
  branch_1
  branch_2
  branch_3
* main

PC@Linh MINGW64 ~/OneDrive/Tài liệu/TIN HOC CO SO/24174600123_Nguyenthingoclinh_baitap (main)
$ git pull
Already up to date.

PC@Linh MINGW64 ~/OneDrive/Tài liệu/TIN HOC CO SO/24174600123_Nguyenthingoclinh_baitap (main)
$ mkdir main_folder

PC@Linh MINGW64 ~/OneDrive/Tài liệu/TIN HOC CO SO/24174600123_Nguyenthingoclinh_baitap (main)
$ cd main_folder

PC@Linh MINGW64 ~/OneDrive/Tài liệu/TIN HOC CO SO/24174600123_Nguyenthingoclinh_baitap/main_folder (main)
$ touch main_txt_1.txt

PC@Linh MINGW64 ~/OneDrive/Tài liệu/TIN HOC CO SO/24174600123_Nguyenthingoclinh_baitap/main_folder (main)
$ touch main_txt_2.txt

PC@Linh MINGW64 ~/OneDrive/Tài liệu/TIN HOC CO SO/24174600123_Nguyenthingoclinh_baitap/main_folder (main)
$ touch main_txt_3.txt
